// Jest Snapshot v1, https://goo.gl/fbAQLP

exports[`Workflow - Payment - Component - Activity - Unit Test does it render 1`] = `
<div>
  <form
    action="#"
  >
    <div
      class="sc-AxirZ dyMoOF"
    >
      <div
        class="sc-AxjAm jkaSBu"
      >
        <div
          class="MuiFormControl-root MuiTextField-root"
        >
          <label
            class="MuiFormLabel-root MuiInputLabel-root MuiInputLabel-formControl MuiInputLabel-animated"
            data-shrink="false"
          >
            Cardholder Name
          </label>
          <div
            class="MuiInputBase-root MuiInput-root MuiInput-underline MuiInputBase-formControl MuiInput-formControl"
          >
            <input
              aria-invalid="false"
              class="MuiInputBase-input MuiInput-input"
              name="ccName"
              type="text"
              value=""
            />
          </div>
        </div>
      </div>
      <div
        class="sc-AxjAm jkaSBu"
      >
        <div
          class="MuiFormControl-root MuiTextField-root"
        >
          <label
            class="MuiFormLabel-root MuiInputLabel-root MuiInputLabel-formControl MuiInputLabel-animated"
            data-shrink="false"
          >
            Card Number
          </label>
          <div
            class="MuiInputBase-root MuiInput-root MuiInput-underline MuiInputBase-formControl MuiInput-formControl"
          >
            <input
              aria-invalid="false"
              class="MuiInputBase-input MuiInput-input"
              name="ccNumber"
              type="text"
              value=""
            />
          </div>
        </div>
      </div>
      <div
        class="sc-AxiKw fKluip"
      >
        <div
          class="sc-AxjAm jkaSBu"
        >
          <div
            class="MuiFormControl-root MuiTextField-root"
          >
            <label
              class="MuiFormLabel-root MuiInputLabel-root MuiInputLabel-formControl MuiInputLabel-animated"
              data-shrink="false"
            >
              Expiry Month
            </label>
            <div
              class="MuiInputBase-root MuiInput-root MuiInput-underline MuiInputBase-formControl MuiInput-formControl"
            >
              <input
                aria-invalid="false"
                class="MuiInputBase-input MuiInput-input"
                name="ccExpiryMonth"
                type="number"
                value=""
              />
            </div>
          </div>
        </div>
        <div
          class="sc-AxjAm jkaSBu"
        >
          <div
            class="MuiFormControl-root MuiTextField-root"
          >
            <label
              class="MuiFormLabel-root MuiInputLabel-root MuiInputLabel-formControl MuiInputLabel-animated"
              data-shrink="false"
            >
              Expiry Year
            </label>
            <div
              class="MuiInputBase-root MuiInput-root MuiInput-underline MuiInputBase-formControl MuiInput-formControl"
            >
              <input
                aria-invalid="false"
                class="MuiInputBase-input MuiInput-input"
                name="ccExpiryYear"
                type="number"
                value=""
              />
            </div>
          </div>
        </div>
        <div
          class="sc-AxjAm jkaSBu"
        >
          <div
            class="MuiFormControl-root MuiTextField-root"
          >
            <label
              class="MuiFormLabel-root MuiInputLabel-root MuiInputLabel-formControl MuiInputLabel-animated"
              data-shrink="false"
            >
              CVC
            </label>
            <div
              class="MuiInputBase-root MuiInput-root MuiInput-underline MuiInputBase-formControl MuiInput-formControl"
            >
              <input
                aria-invalid="false"
                class="MuiInputBase-input MuiInput-input"
                name="ccCvc"
                type="number"
                value=""
              />
            </div>
          </div>
        </div>
      </div>
    </div>
  </form>
</div>
`;
