// Jest Snapshot v1, https://goo.gl/fbAQLP

exports[`Components - Fields - Date - Unit Test does it render 1`] = `
<div>
  <form
    action="#"
  >
    <div
      class="sc-AxjAm jkaSBu"
    >
      <div
        class="MuiFormControl-root MuiTextField-root"
        format="yyyy/MM/dd"
      >
        <div
          class="MuiInputBase-root MuiInput-root MuiInput-underline MuiInputBase-formControl MuiInput-formControl"
        >
          <input
            aria-invalid="false"
            class="MuiInputBase-input MuiInput-input"
            name="name"
            placeholder="2020/04/21"
            readonly=""
            type="text"
            value="2020/04/21"
          />
        </div>
        
      </div>
    </div>
  </form>
</div>
`;
