// Jest Snapshot v1, https://goo.gl/fbAQLP

exports[`Components - Header - Unit Test does it render 1`] = `
<div>
  <div
    class="sc-AxjAm kmVibe"
  >
    <h1
      class="sc-AxirZ dxeCUY"
    >
      Time with Tom
    </h1>
    <ul
      class="sc-AxiKw TgnyB"
    >
      <li
        class="sc-AxhCb hLIlzG"
      >
        <a
          href="/schedule"
        >
          <span
            class="sc-AxhUy kLxUxn"
          >
            schedule
          </span>
        </a>
      </li>
      <li
        class="sc-AxhCb hLIlzG"
      >
        <a
          href="/booking-request"
        >
          <span
            class="sc-AxhUy kLxUxn"
          >
            booking request
          </span>
        </a>
      </li>
    </ul>
  </div>
</div>
`;
