// Jest Snapshot v1, https://goo.gl/fbAQLP

exports[`Features - Booking Request - Unit Test does it render 1`] = `
<div>
  <div
    class="makeStyles-root-1"
  >
    <div
      class="MuiContainer-root MuiContainer-maxWidthSm"
    >
      <div
        class="MuiBox-root MuiBox-root-12"
      >
        <div
          class="MuiPaper-root makeStyles-paper-2 MuiPaper-elevation1 MuiPaper-rounded"
        >
          <h3
            class="MuiTypography-root MuiTypography-h3 MuiTypography-gutterBottom MuiTypography-alignCenter"
            marked="center"
          >
            Booking Request
          </h3>
          <form
            action="#"
          >
            <div>
              <select
                name="activity"
              >
                <option
                  value="none"
                >
                  Please select
                </option>
                <option
                  value="golf"
                >
                  Golf
                </option>
                <option
                  value="tennis"
                >
                  Tennis
                </option>
                <option
                  value="squash"
                >
                  Squash
                </option>
                <option
                  value="trail_run"
                >
                  Trail run
                </option>
                <option
                  value="cycling"
                >
                  Cycling
                </option>
              </select>
            </div>
            <div>
              <label>
                name
              </label>
              <input
                name="name"
                type="text"
                value=""
              />
              <label>
                surname
              </label>
              <input
                name="surname"
                type="text"
                value=""
              />
              <label>
                email
              </label>
              <input
                name="email"
                type="email"
                value=""
              />
            </div>
            <div>
              <label>
                date
              </label>
              <input
                name="date"
                type="date"
                value=""
              />
              <label>
                startTime
              </label>
              <input
                name="startTime"
                type="time"
                value=""
              />
              <label>
                endTime
              </label>
              <input
                name="endTime"
                type="time"
                value=""
              />
            </div>
            <pre>
              debug value
              {
   "activity": "none",
   "name": "",
   "surname": "",
   "email": "",
   "date": "",
   "startTime": "",
   "endTime": ""
}
            </pre>
            <pre>
              debug errors
              {}
            </pre>
            <button
              type="submit"
            >
               Submit 
            </button>
          </form>
        </div>
      </div>
    </div>
  </div>
</div>
`;
