// Jest Snapshot v1, https://goo.gl/fbAQLP

exports[`Features - Booking Request - Form - Unit Test does it render 1`] = `
<div>
  <form
    action="#"
  >
    <div>
      <div
        class="sc-AxjAm hcKRzz"
      >
        <label
          class="MuiFormLabel-root MuiInputLabel-root MuiInputLabel-animated"
        >
          activity
        </label>
        <div
          class="MuiInputBase-root MuiInput-root MuiInput-underline"
        >
          <div
            aria-haspopup="listbox"
            aria-labelledby="mui-component-select-activity"
            class="MuiSelect-root MuiSelect-select MuiSelect-selectMenu MuiInputBase-input MuiInput-input"
            id="mui-component-select-activity"
            role="button"
            tabindex="0"
          >
            Please select
          </div>
          <input
            name="activity"
            type="hidden"
            value="none"
          />
          <svg
            aria-hidden="true"
            class="MuiSvgIcon-root MuiSelect-icon"
            focusable="false"
            viewBox="0 0 24 24"
          >
            <path
              d="M7 10l5 5 5-5z"
            />
          </svg>
        </div>
      </div>
    </div>
    <div>
      <label>
        name
      </label>
      <input
        name="name"
        type="text"
        value=""
      />
      <label>
        surname
      </label>
      <input
        name="surname"
        type="text"
        value=""
      />
      <label>
        email
      </label>
      <input
        name="email"
        type="email"
        value=""
      />
    </div>
    <div>
      <label>
        date
      </label>
      <input
        name="date"
        type="date"
        value=""
      />
      <label>
        startTime
      </label>
      <input
        name="startTime"
        type="time"
        value=""
      />
      <label>
        endTime
      </label>
      <input
        name="endTime"
        type="time"
        value=""
      />
    </div>
    <pre>
      debug value
      {
   "activity": "none",
   "name": "",
   "surname": "",
   "email": "",
   "date": "",
   "startTime": "",
   "endTime": ""
}
    </pre>
    <pre>
      debug errors
      {}
    </pre>
    <button
      type="submit"
    >
       Submit 
    </button>
  </form>
</div>
`;
