// Jest Snapshot v1, https://goo.gl/fbAQLP

exports[`Features - Booking Request - Form - Unit Test does it render 1`] = `
<div>
  <form
    action="#"
  >
    <div
      class="sc-AxirZ fOBhug"
    >
      <div
        class="sc-AxjAm bLetVr"
      >
        <label
          class="MuiFormLabel-root MuiInputLabel-root MuiInputLabel-animated"
        >
          activity
        </label>
        <div
          class="MuiInputBase-root MuiInput-root MuiInput-underline"
        >
          <div
            aria-haspopup="listbox"
            aria-labelledby="mui-component-select-activity"
            class="MuiSelect-root MuiSelect-select MuiSelect-selectMenu MuiInputBase-input MuiInput-input"
            id="mui-component-select-activity"
            role="button"
            tabindex="0"
          >
            Please select
          </div>
          <input
            name="activity"
            type="hidden"
            value="none"
          />
          <svg
            aria-hidden="true"
            class="MuiSvgIcon-root MuiSelect-icon"
            focusable="false"
            viewBox="0 0 24 24"
          >
            <path
              d="M7 10l5 5 5-5z"
            />
          </svg>
        </div>
      </div>
    </div>
    <div>
      <div
        class="sc-AxiKw grOufF"
      >
        <div
          class="MuiFormControl-root MuiTextField-root"
        >
          <label
            class="MuiFormLabel-root MuiInputLabel-root MuiInputLabel-formControl MuiInputLabel-animated"
            data-shrink="false"
          >
            name
          </label>
          <div
            class="MuiInputBase-root MuiInput-root MuiInput-underline MuiInputBase-formControl MuiInput-formControl"
          >
            <input
              aria-invalid="false"
              class="MuiInputBase-input MuiInput-input"
              name="name"
              type="text"
              value=""
            />
          </div>
        </div>
      </div>
      <div
        class="sc-AxiKw grOufF"
      >
        <div
          class="MuiFormControl-root MuiTextField-root"
        >
          <label
            class="MuiFormLabel-root MuiInputLabel-root MuiInputLabel-formControl MuiInputLabel-animated"
            data-shrink="false"
          >
            surname
          </label>
          <div
            class="MuiInputBase-root MuiInput-root MuiInput-underline MuiInputBase-formControl MuiInput-formControl"
          >
            <input
              aria-invalid="false"
              class="MuiInputBase-input MuiInput-input"
              name="surname"
              type="text"
              value=""
            />
          </div>
        </div>
      </div>
      <div
        class="sc-AxiKw grOufF"
      >
        <div
          class="MuiFormControl-root MuiTextField-root"
        >
          <label
            class="MuiFormLabel-root MuiInputLabel-root MuiInputLabel-formControl MuiInputLabel-animated"
            data-shrink="false"
          >
            email
          </label>
          <div
            class="MuiInputBase-root MuiInput-root MuiInput-underline MuiInputBase-formControl MuiInput-formControl"
          >
            <input
              aria-invalid="false"
              class="MuiInputBase-input MuiInput-input"
              name="email"
              type="email"
              value=""
            />
          </div>
        </div>
      </div>
    </div>
    <div>
      <div
        class="sc-AxiKw grOufF"
      >
        <div
          class="MuiFormControl-root MuiTextField-root"
        >
          <label
            class="MuiFormLabel-root MuiInputLabel-root MuiInputLabel-formControl MuiInputLabel-animated"
            data-shrink="false"
          >
            date
          </label>
          <div
            class="MuiInputBase-root MuiInput-root MuiInput-underline MuiInputBase-formControl MuiInput-formControl"
          >
            <input
              aria-invalid="false"
              class="MuiInputBase-input MuiInput-input"
              name="date"
              type="date"
              value=""
            />
          </div>
        </div>
      </div>
      <div
        class="sc-AxiKw grOufF"
      >
        <div
          class="MuiFormControl-root MuiTextField-root"
        >
          <label
            class="MuiFormLabel-root MuiInputLabel-root MuiInputLabel-formControl MuiInputLabel-animated"
            data-shrink="false"
          >
            startTime
          </label>
          <div
            class="MuiInputBase-root MuiInput-root MuiInput-underline MuiInputBase-formControl MuiInput-formControl"
          >
            <input
              aria-invalid="false"
              class="MuiInputBase-input MuiInput-input"
              name="startTime"
              type="time"
              value=""
            />
          </div>
        </div>
      </div>
      <div
        class="sc-AxiKw grOufF"
      >
        <div
          class="MuiFormControl-root MuiTextField-root"
        >
          <label
            class="MuiFormLabel-root MuiInputLabel-root MuiInputLabel-formControl MuiInputLabel-animated"
            data-shrink="false"
          >
            endTime
          </label>
          <div
            class="MuiInputBase-root MuiInput-root MuiInput-underline MuiInputBase-formControl MuiInput-formControl"
          >
            <input
              aria-invalid="false"
              class="MuiInputBase-input MuiInput-input"
              name="endTime"
              type="time"
              value=""
            />
          </div>
        </div>
      </div>
    </div>
    <pre>
      debug value
      {
   "activity": "none",
   "name": "",
   "surname": "",
   "email": "",
   "date": "",
   "startTime": "",
   "endTime": ""
}
    </pre>
    <pre>
      debug errors
      {}
    </pre>
    <button
      type="submit"
    >
       Submit 
    </button>
  </form>
</div>
`;
