// Jest Snapshot v1, https://goo.gl/fbAQLP

exports[`Workflow - User - Component - Activity - Unit Test does it render 1`] = `
<div>
  <form
    action="#"
  >
    <div
      class="sc-AxirZ dyMoOF"
    >
      <div
        class="sc-AxjAm jkaSBu"
      >
        <div
          class="MuiFormControl-root MuiTextField-root"
        >
          <label
            class="MuiFormLabel-root MuiInputLabel-root MuiInputLabel-formControl MuiInputLabel-animated"
            data-shrink="false"
          >
            name
          </label>
          <div
            class="MuiInputBase-root MuiInput-root MuiInput-underline MuiInputBase-formControl MuiInput-formControl"
          >
            <input
              aria-invalid="false"
              class="MuiInputBase-input MuiInput-input"
              name="name"
              type="text"
              value=""
            />
          </div>
        </div>
      </div>
      <div
        class="sc-AxjAm jkaSBu"
      >
        <div
          class="MuiFormControl-root MuiTextField-root"
        >
          <label
            class="MuiFormLabel-root MuiInputLabel-root MuiInputLabel-formControl MuiInputLabel-animated"
            data-shrink="false"
          >
            surname
          </label>
          <div
            class="MuiInputBase-root MuiInput-root MuiInput-underline MuiInputBase-formControl MuiInput-formControl"
          >
            <input
              aria-invalid="false"
              class="MuiInputBase-input MuiInput-input"
              name="surname"
              type="text"
              value=""
            />
          </div>
        </div>
      </div>
      <div
        class="sc-AxjAm jkaSBu"
      >
        <div
          class="MuiFormControl-root MuiTextField-root"
        >
          <label
            class="MuiFormLabel-root MuiInputLabel-root MuiInputLabel-formControl MuiInputLabel-animated"
            data-shrink="false"
          >
            email
          </label>
          <div
            class="MuiInputBase-root MuiInput-root MuiInput-underline MuiInputBase-formControl MuiInput-formControl"
          >
            <input
              aria-invalid="false"
              class="MuiInputBase-input MuiInput-input"
              name="email"
              type="email"
              value=""
            />
          </div>
        </div>
      </div>
    </div>
  </form>
</div>
`;
