// Jest Snapshot v1, https://goo.gl/fbAQLP

exports[`Features - Booking Request - Form - Unit Test does it render 1`] = `
<div>
  <form
    action="#"
  >
    <form
      action="#"
    >
      <div
        class="sc-AxjAm gKkMqa"
      >
        <button
          class="sc-AxirZ frAFJN"
          type="submit"
        >
           Submit 
        </button>
      </div>
    </form>
  </form>
</div>
`;
