// Jest Snapshot v1, https://goo.gl/fbAQLP

exports[`Workflows - Booking - Component - Unit Test does it render 1`] = `
<div>
  <form
    action="#"
  >
    <div>
      <div
        class="sc-AxjAm jkaSBu"
      >
        <div
          class="MuiFormControl-root MuiTextField-root"
        >
          <label
            class="MuiFormLabel-root MuiInputLabel-root MuiInputLabel-formControl MuiInputLabel-animated"
            data-shrink="false"
          >
            date
          </label>
          <div
            class="MuiInputBase-root MuiInput-root MuiInput-underline MuiInputBase-formControl MuiInput-formControl"
          >
            <input
              aria-invalid="false"
              class="MuiInputBase-input MuiInput-input"
              name="date"
              type="date"
              value=""
            />
          </div>
        </div>
      </div>
      <div
        class="sc-AxjAm jkaSBu"
      >
        <div
          class="MuiFormControl-root MuiTextField-root"
        >
          <label
            class="MuiFormLabel-root MuiInputLabel-root MuiInputLabel-formControl MuiInputLabel-animated"
            data-shrink="false"
          >
            startTime
          </label>
          <div
            class="MuiInputBase-root MuiInput-root MuiInput-underline MuiInputBase-formControl MuiInput-formControl"
          >
            <input
              aria-invalid="false"
              class="MuiInputBase-input MuiInput-input"
              name="startTime"
              type="time"
              value=""
            />
          </div>
        </div>
      </div>
      <div
        class="sc-AxjAm jkaSBu"
      >
        <div
          class="MuiFormControl-root MuiTextField-root"
        >
          <label
            class="MuiFormLabel-root MuiInputLabel-root MuiInputLabel-formControl MuiInputLabel-animated"
            data-shrink="false"
          >
            endTime
          </label>
          <div
            class="MuiInputBase-root MuiInput-root MuiInput-underline MuiInputBase-formControl MuiInput-formControl"
          >
            <input
              aria-invalid="false"
              class="MuiInputBase-input MuiInput-input"
              name="endTime"
              type="time"
              value=""
            />
          </div>
        </div>
      </div>
    </div>
  </form>
</div>
`;
