// Jest Snapshot v1, https://goo.gl/fbAQLP

exports[`Workflows - Booking - Component - Unit Test does it render 1`] = `
<div>
  <form
    action="#"
  >
    <div>
      <div
        class="sc-AxirZ cbHwXd"
      >
        <div
          class="MuiFormControl-root MuiTextField-root"
          format="yyyy/MM/dd"
        >
          <label
            class="MuiFormLabel-root MuiInputLabel-root MuiInputLabel-formControl MuiInputLabel-animated MuiInputLabel-shrink MuiFormLabel-filled"
            data-shrink="true"
          >
            date
          </label>
          <div
            class="MuiInputBase-root MuiInput-root MuiInput-underline MuiInputBase-formControl MuiInput-formControl"
          >
            <input
              aria-invalid="false"
              class="MuiInputBase-input MuiInput-input"
              name="date"
              placeholder="2020/04/21"
              readonly=""
              type="text"
              value="2020/04/21"
            />
          </div>
          
        </div>
      </div>
      <div
        class="sc-AxiKw grOufF"
      >
        <div
          class="MuiFormControl-root MuiTextField-root"
          format="HH:mm"
        >
          <label
            class="MuiFormLabel-root MuiInputLabel-root MuiInputLabel-formControl MuiInputLabel-animated MuiInputLabel-shrink MuiFormLabel-filled"
            data-shrink="true"
          >
            startTime
          </label>
          <div
            class="MuiInputBase-root MuiInput-root MuiInput-underline MuiInputBase-formControl MuiInput-formControl"
          >
            <input
              aria-invalid="false"
              class="MuiInputBase-input MuiInput-input"
              name="startTime"
              placeholder="18:00"
              readonly=""
              type="text"
              value="02:00"
            />
          </div>
          
        </div>
      </div>
      <div
        class="sc-AxiKw grOufF"
      >
        <div
          class="MuiFormControl-root MuiTextField-root"
          format="HH:mm"
        >
          <label
            class="MuiFormLabel-root MuiInputLabel-root MuiInputLabel-formControl MuiInputLabel-animated MuiInputLabel-shrink MuiFormLabel-filled"
            data-shrink="true"
          >
            endTime
          </label>
          <div
            class="MuiInputBase-root MuiInput-root MuiInput-underline MuiInputBase-formControl MuiInput-formControl"
          >
            <input
              aria-invalid="false"
              class="MuiInputBase-input MuiInput-input"
              name="endTime"
              placeholder="18:00"
              readonly=""
              type="text"
              value="02:00"
            />
          </div>
          
        </div>
      </div>
    </div>
  </form>
</div>
`;
