// Jest Snapshot v1, https://goo.gl/fbAQLP

exports[`Workflows - Booking - Component - Unit Test does it render 1`] = `
<div>
  <form
    action="#"
  >
    <div>
      <label>
        date
      </label>
      <input
        name="date"
        type="date"
        value=""
      />
      <label>
        startTime
      </label>
      <input
        name="startTime"
        type="time"
        value=""
      />
      <label>
        endTime
      </label>
      <input
        name="endTime"
        type="time"
        value=""
      />
    </div>
  </form>
</div>
`;
