// Jest Snapshot v1, https://goo.gl/fbAQLP

exports[`Activity component does it render 1`] = `
<div>
  <div>
    <select
      name="activity"
    >
      <option
        value="none"
      >
        Please select
      </option>
      <option
        value="golf"
      >
        Golf
      </option>
      <option
        value="tennis"
      >
        Tennis
      </option>
      <option
        value="squash"
      >
        Squash
      </option>
      <option
        value="trail_run"
      >
        Trail run
      </option>
      <option
        value="cycling"
      >
        Cycling
      </option>
    </select>
  </div>
</div>
`;
