// Jest Snapshot v1, https://goo.gl/fbAQLP

exports[`Workflows - User - Validate - Unit Test when there are NO errors it should return and empty error object 1`] = `Object {}`;

exports[`Workflows - User - Validate - Unit Test when there are errors it should return error object 1`] = `
Object {
  "email": "Email is required.",
  "name": "Name is required.",
  "surname": "Surname is required.",
}
`;
