// Jest Snapshot v1, https://goo.gl/fbAQLP

exports[`Workflows - Activity - Validate - Unit Test when there are NO errors it should return and empty error object 1`] = `Object {}`;

exports[`Workflows - Activity - Validate - Unit Test when there are errors it should return error object 1`] = `
Object {
  "activity": "Please select activity",
}
`;
